[sites.google.com/view/beaglemath.html]
[backblue.gif]
[fade.gif]
[index.html]
[apis.google.com/js/clientc932.js]
[sites.google.com/view/beaglemath/games.html]
[sites.google.com/view/beaglemath/all-eaglercraft-clients.html]
[sites.google.com/view/beaglemath/eaglercraft-servers.html]
[sites.google.com/view/beaglemath/server-staff-application.html]
[sites.google.com/view/beaglemath/server-suggestions.html]
[sites.google.com/view/beaglemath.html]
[sites.google.com/view/_/ss/index.html]
[sites.google.com/view/beaglemath/bug-report.html]
[sites.google.com/view/beaglemath/POST.9.delayed]
[sites.google.com/view/beaglemath/games.html]
[sites.google.com/view/beaglemath/all-eaglercraft-clients.html]
[sites.google.com/view/beaglemath/eaglercraft-servers.html]
[sites.google.com/view/beaglemath/_https_/tally.so/widgets/embed.js___/script_.a.delayed]
[sites.google.com/view/beaglemath/server-staff-application.html]
[sites.google.com/view/beaglemath/server-suggestions.html]
[sites.google.com/view/beaglemath/bug-report.html]
[sites.google.com/view/beaglemath/POST.html]
[sites.google.com/view/beaglemath/_/ss/index.html]
[sites.google.com/view/beaglemath/_/ss/index.html]
[sites.google.com/view/beaglemath/_https_/tally.so/widgets/embed.js___/script_.html]
